// Vitest Snapshot v1, https://vitest.dev/guide/snapshot.html

exports[`create a basic game > default configuration 1`] = `
Game {
  "destroy": [Function],
  "gameRef": null,
  "options": [],
  "pendingGlobalChangeHandlers": [],
  "refErrorMessage": "lost reference to game",
  "setup": [Function],
  "update": [Function],
}
`;
